FFF                                                                      [100%]
================================== FAILURES ===================================
_______ test_generation_runs_on_isolated_loop_and_preserves_observation _______
backend\tests\test_generation_worker.py:7: in test_generation_runs_on_isolated_loop_and_preserves_observation
    from app.live.generation_worker import run_generation_worker
E   ModuleNotFoundError: No module named 'app.live.generation_worker'
_________________ test_failure_never_becomes_partial_success __________________
backend\tests\test_generation_worker.py:22: in test_failure_never_becomes_partial_success
    from app.live.generation_worker import run_generation_worker
E   ModuleNotFoundError: No module named 'app.live.generation_worker'
__________ test_cancellation_drains_worker_before_transport_cleanup ___________
backend\tests\test_generation_worker.py:28: in test_cancellation_drains_worker_before_transport_cleanup
    from app.live.generation_worker import run_generation_worker
E   ModuleNotFoundError: No module named 'app.live.generation_worker'
=========================== short test summary info ===========================
FAILED backend/tests/test_generation_worker.py::test_generation_runs_on_isolated_loop_and_preserves_observation
FAILED backend/tests/test_generation_worker.py::test_failure_never_becomes_partial_success
FAILED backend/tests/test_generation_worker.py::test_cancellation_drains_worker_before_transport_cleanup
3 failed in 0.39s
OFFLINE_PROOF {"external_connections_blocked": 0, "production_transport_lock_tests": 0, "real_orders_enabled": "false", "live_execution_armed": "false", "sdk_monetary_attempts": 0, "sdk_methods_guarded": 16}
