FFFFFFFFFFFFFFF                                                          [100%]
================================== FAILURES ===================================
_______________ test_finalized_qualification_pins_numeric_hash ________________
backend\tests\test_post_b_proof.py:9: in test_finalized_qualification_pins_numeric_hash
    from analysis.qualify_post_b_proofs import qualify_finalized
E   ModuleNotFoundError: No module named 'analysis.qualify_post_b_proofs'
___________________ test_finalized_fail_closed[unsupported] ___________________
backend\tests\test_post_b_proof.py:23: in test_finalized_fail_closed
    from analysis.qualify_post_b_proofs import qualify_finalized
E   ModuleNotFoundError: No module named 'analysis.qualify_post_b_proofs'
______________________ test_finalized_fail_closed[reorg] ______________________
backend\tests\test_post_b_proof.py:23: in test_finalized_fail_closed
    from analysis.qualify_post_b_proofs import qualify_finalized
E   ModuleNotFoundError: No module named 'analysis.qualify_post_b_proofs'
___________________ test_finalized_fail_closed[wrong_chain] ___________________
backend\tests\test_post_b_proof.py:23: in test_finalized_fail_closed
    from analysis.qualify_post_b_proofs import qualify_finalized
E   ModuleNotFoundError: No module named 'analysis.qualify_post_b_proofs'
______ test_fresh_same_head_witness_preserves_old_scan_without_retiming _______
backend\tests\test_post_b_proof.py:41: in test_fresh_same_head_witness_preserves_old_scan_without_retiming
    from analysis.qualify_post_b_proofs import evaluate_post_b
E   ModuleNotFoundError: No module named 'analysis.qualify_post_b_proofs'
_________ test_post_b_blocks[witness_number-25-POST_B_TAIL_ADVANCED] __________
backend\tests\test_post_b_proof.py:58: in test_post_b_blocks
    from analysis.qualify_post_b_proofs import evaluate_post_b
E   ModuleNotFoundError: No module named 'analysis.qualify_post_b_proofs'
_ test_post_b_blocks[witness_hash-0xcccccccccccccccccccccccccccccccccccccccccccccccccccccccccccccccc-TAIL_REORG] _
backend\tests\test_post_b_proof.py:58: in test_post_b_blocks
    from analysis.qualify_post_b_proofs import evaluate_post_b
E   ModuleNotFoundError: No module named 'analysis.qualify_post_b_proofs'
_ test_post_b_blocks[anchor_rechecked_hash-0xcccccccccccccccccccccccccccccccccccccccccccccccccccccccccccccccc-ANCHOR_REORG] _
backend\tests\test_post_b_proof.py:58: in test_post_b_blocks
    from analysis.qualify_post_b_proofs import evaluate_post_b
E   ModuleNotFoundError: No module named 'analysis.qualify_post_b_proofs'
____________ test_post_b_blocks[ranges-value3-TAIL_GAP_OR_OVERLAP] ____________
backend\tests\test_post_b_proof.py:58: in test_post_b_blocks
    from analysis.qualify_post_b_proofs import evaluate_post_b
E   ModuleNotFoundError: No module named 'analysis.qualify_post_b_proofs'
____________ test_post_b_blocks[ranges-value4-TAIL_GAP_OR_OVERLAP] ____________
backend\tests\test_post_b_proof.py:58: in test_post_b_blocks
    from analysis.qualify_post_b_proofs import evaluate_post_b
E   ModuleNotFoundError: No module named 'analysis.qualify_post_b_proofs'
_____ test_post_b_blocks[witness_observed_ms-499-GENERATION_STALE_500MS] ______
backend\tests\test_post_b_proof.py:58: in test_post_b_blocks
    from analysis.qualify_post_b_proofs import evaluate_post_b
E   ModuleNotFoundError: No module named 'analysis.qualify_post_b_proofs'
_____ test_post_b_blocks[witness_observed_ms-1001-GENERATION_STALE_500MS] _____
backend\tests\test_post_b_proof.py:58: in test_post_b_blocks
    from analysis.qualify_post_b_proofs import evaluate_post_b
E   ModuleNotFoundError: No module named 'analysis.qualify_post_b_proofs'
___________ test_post_b_blocks[tail_complete-False-TAIL_INCOMPLETE] ___________
backend\tests\test_post_b_proof.py:58: in test_post_b_blocks
    from analysis.qualify_post_b_proofs import evaluate_post_b
E   ModuleNotFoundError: No module named 'analysis.qualify_post_b_proofs'
________ test_post_b_blocks[account-value8-ACCOUNT_GENERATION_PARTIAL] ________
backend\tests\test_post_b_proof.py:58: in test_post_b_blocks
    from analysis.qualify_post_b_proofs import evaluate_post_b
E   ModuleNotFoundError: No module named 'analysis.qualify_post_b_proofs'
_________________ test_finalized_transport_is_explicit_opt_in _________________
backend\tests\test_post_b_proof.py:67: in test_finalized_transport_is_explicit_opt_in
    with pytest.raises(ValueError,match="FORBIDDEN"):rpc.call("eth_getBlockByNumber",["finalized",False])
                                                     ^^^^^^^^^^^^^^^^^^^^^^^^^^^^^^^^^^^^^^^^^^^^^^^^^^^^
backend\app\live\collateral_onchain.py:94: in call
    valid|=(method=='eth_getBlockByNumber' and len(params)==2 and (params[0]=='latest' or block(params[0])) and params[1] is False)
E   TypeError: unsupported operand type(s) for |=: 'bool' and 'NoneType'
=========================== short test summary info ===========================
FAILED backend/tests/test_post_b_proof.py::test_finalized_qualification_pins_numeric_hash
FAILED backend/tests/test_post_b_proof.py::test_finalized_fail_closed[unsupported]
FAILED backend/tests/test_post_b_proof.py::test_finalized_fail_closed[reorg]
FAILED backend/tests/test_post_b_proof.py::test_finalized_fail_closed[wrong_chain]
FAILED backend/tests/test_post_b_proof.py::test_fresh_same_head_witness_preserves_old_scan_without_retiming
FAILED backend/tests/test_post_b_proof.py::test_post_b_blocks[witness_number-25-POST_B_TAIL_ADVANCED]
FAILED backend/tests/test_post_b_proof.py::test_post_b_blocks[witness_hash-0xcccccccccccccccccccccccccccccccccccccccccccccccccccccccccccccccc-TAIL_REORG]
FAILED backend/tests/test_post_b_proof.py::test_post_b_blocks[anchor_rechecked_hash-0xcccccccccccccccccccccccccccccccccccccccccccccccccccccccccccccccc-ANCHOR_REORG]
FAILED backend/tests/test_post_b_proof.py::test_post_b_blocks[ranges-value3-TAIL_GAP_OR_OVERLAP]
FAILED backend/tests/test_post_b_proof.py::test_post_b_blocks[ranges-value4-TAIL_GAP_OR_OVERLAP]
FAILED backend/tests/test_post_b_proof.py::test_post_b_blocks[witness_observed_ms-499-GENERATION_STALE_500MS]
FAILED backend/tests/test_post_b_proof.py::test_post_b_blocks[witness_observed_ms-1001-GENERATION_STALE_500MS]
FAILED backend/tests/test_post_b_proof.py::test_post_b_blocks[tail_complete-False-TAIL_INCOMPLETE]
FAILED backend/tests/test_post_b_proof.py::test_post_b_blocks[account-value8-ACCOUNT_GENERATION_PARTIAL]
FAILED backend/tests/test_post_b_proof.py::test_finalized_transport_is_explicit_opt_in
15 failed in 0.51s
OFFLINE_PROOF {"external_connections_blocked": 0, "production_transport_lock_tests": 0, "real_orders_enabled": "false", "live_execution_armed": "false", "sdk_monetary_attempts": 0, "sdk_methods_guarded": 16}
