FF.....FF.                                                               [100%]
================================== FAILURES ===================================
___ test_exact_observed_pre_snapshot_delta_never_reaches_mutation_or_update ___
backend\tests\test_pre_snapshot_and_finalized.py:30: in test_exact_observed_pre_snapshot_delta_never_reaches_mutation_or_update
    assert calls==[]
E   AssertionError: assert [{'a': {'bids...cimal('2')}}}] == []
E     
E     Left contains one more item: {'a': {'bids': {Decimal('0.4'): Decimal('2'), Decimal('0.45'): Decimal('3')}, 'asks': {Decimal('0.6'): Decimal('2')}}, 'b': {'bids': {Decimal('0.4'): Decimal('2')}, 'asks': {Decimal('0.6'): Decimal('2')}}}
E     Use -v to get more diff
____ test_regression_after_accepted_delta_cannot_be_pre_snapshot_exception ____
backend\tests\test_pre_snapshot_and_finalized.py:42: in test_regression_after_accepted_delta_cannot_be_pre_snapshot_exception
    assert d["accepted_deltas_since_full_book"]==1
           ^^^^^^^^^^^^^^^^^^^^^^^^^^^^^^^^^^^^
E   KeyError: 'accepted_deltas_since_full_book'
__________ test_finalized_later_head_is_compared_to_its_own_receipt ___________
backend\tests\test_pre_snapshot_and_finalized.py:71: in test_finalized_later_head_is_compared_to_its_own_receipt
    d={};r=q.qualify_finalized(RPC(),diagnostics=d)
           ^^^^^^^^^^^^^^^^^^^^^^^^^^^^^^^^^^^^^^^^
E   TypeError: qualify_finalized() got an unexpected keyword argument 'diagnostics'
____________ test_finalized_future_header_and_diagnostic_redaction ____________
backend\tests\test_pre_snapshot_and_finalized.py:84: in test_finalized_future_header_and_diagnostic_redaction
    with pytest.raises(ValueError,match="^FINALIZED_UNPROVEN$"):q.qualify_finalized(RPC(),diagnostics=d)
                                                                ^^^^^^^^^^^^^^^^^^^^^^^^^^^^^^^^^^^^^^^^
E   TypeError: qualify_finalized() got an unexpected keyword argument 'diagnostics'
=========================== short test summary info ===========================
FAILED backend/tests/test_pre_snapshot_and_finalized.py::test_exact_observed_pre_snapshot_delta_never_reaches_mutation_or_update
FAILED backend/tests/test_pre_snapshot_and_finalized.py::test_regression_after_accepted_delta_cannot_be_pre_snapshot_exception
FAILED backend/tests/test_pre_snapshot_and_finalized.py::test_finalized_later_head_is_compared_to_its_own_receipt
FAILED backend/tests/test_pre_snapshot_and_finalized.py::test_finalized_future_header_and_diagnostic_redaction
4 failed, 6 passed in 0.43s
OFFLINE_PROOF {"external_connections_blocked": 0, "production_transport_lock_tests": 0, "real_orders_enabled": "false", "live_execution_armed": "false", "sdk_monetary_attempts": 0, "sdk_methods_guarded": 16}
