.................FFF.                                                    [100%]
================================== FAILURES ===================================
_______ test_signal_differential_identity_direction_cooldown_and_links ________
analysis\d6\causal_capture_24h_v1\test_capture.py:143: in test_signal_differential_identity_direction_cooldown_and_links
    assert [x['side'] for x in signals]==['UP','DOWN']
E   AssertionError: assert ['UP'] == ['UP', 'DOWN']
E     
E     Right contains one more item: 'DOWN'
E     Use -v to get more diff
____________ test_runner_offline_shutdown_and_feed_failure[False] _____________
analysis\d6\causal_capture_24h_v1\test_capture.py:175: in test_runner_offline_shutdown_and_feed_failure
    else:asyncio.run(runner.capture(destination))
         ^^^^^^^^^^^^^^^^^^^^^^^^^^^^^^^^^^^^^^^^
..\..\AppData\Local\Programs\Python\Python313\Lib\asyncio\runners.py:196: in run
    return runner.run(main)
           ^^^^^^^^^^^^^^^^
..\..\AppData\Local\Programs\Python\Python313\Lib\asyncio\runners.py:119: in run
    return self._loop.run_until_complete(task)
           ^^^^^^^^^^^^^^^^^^^^^^^^^^^^^^^^^^^
..\..\AppData\Local\Programs\Python\Python313\Lib\asyncio\base_events.py:726: in run_until_complete
    return future.result()
           ^^^^^^^^^^^^^^^
analysis\d6\causal_capture_24h_v1\runner.py:86: in capture
    j=Journal(destination/'capture.frames',session);book=BookCapture(j);latest={};ledger=Fixed25Ledger(keep_results=False);engine=build_v1(ROOT,j,ledger,latest);queue=Ingress();began=time.monotonic();status='INCOMPLETE';error=None;last_checkpoint=began;last_receive=None
                                                                                                                                  ^^^^^^^^^^^^^^^^^^^^^^^^^^^^^^
analysis\d6\causal_capture_24h_v1\collector.py:175: in build_v1
    source=(Path(root)/'analysis/run_d6_paper_live.py').read_text();tree=instrumentation_tree(source) if instrumented else ast.parse(source)
           ^^^^^^^^^^^^^^^^^^^^^^^^^^^^^^^^^^^^^^^^^^^^^^^^^^^^^^^^
..\..\AppData\Local\Programs\Python\Python313\Lib\pathlib\_local.py:546: in read_text
    return PathBase.read_text(self, encoding, errors, newline)
           ^^^^^^^^^^^^^^^^^^^^^^^^^^^^^^^^^^^^^^^^^^^^^^^^^^^
..\..\AppData\Local\Programs\Python\Python313\Lib\pathlib\_abc.py:632: in read_text
    with self.open(mode='r', encoding=encoding, errors=errors, newline=newline) as f:
         ^^^^^^^^^^^^^^^^^^^^^^^^^^^^^^^^^^^^^^^^^^^^^^^^^^^^^^^^^^^^^^^^^^^^^^
..\..\AppData\Local\Programs\Python\Python313\Lib\pathlib\_local.py:537: in open
    return io.open(self, mode, buffering, encoding, errors, newline)
           ^^^^^^^^^^^^^^^^^^^^^^^^^^^^^^^^^^^^^^^^^^^^^^^^^^^^^^^^^
E   FileNotFoundError: [Errno 2] No such file or directory: 'C:\\Users\\Ramy\\AppData\\Local\\Temp\\pytest-of-Ramy\\pytest-155\\test_runner_offline_shutdown_a0\\analysis\\run_d6_paper_live.py'
_____________ test_runner_offline_shutdown_and_feed_failure[True] _____________
analysis\d6\causal_capture_24h_v1\test_capture.py:174: in test_runner_offline_shutdown_and_feed_failure
    with pytest.raises(OSError,match='fixture feed failed'):asyncio.run(runner.capture(destination))
         ^^^^^^^^^^^^^^^^^^^^^^^^^^^^^^^^^^^^^^^^^^^^^^^^^^
E   AssertionError: Regex pattern did not match.
E     Expected regex: 'fixture feed failed'
E     Actual message: "[Errno 2] No such file or directory: 'C:\\\\Users\\\\Ramy\\\\AppData\\\\Local\\\\Temp\\\\pytest-of-Ramy\\\\pytest-155\\\\test_runner_offline_shutdown_a1\\\\analysis\\\\run_d6_paper_live.py'"
=========================== short test summary info ===========================
FAILED analysis/d6/causal_capture_24h_v1/test_capture.py::test_signal_differential_identity_direction_cooldown_and_links
FAILED analysis/d6/causal_capture_24h_v1/test_capture.py::test_runner_offline_shutdown_and_feed_failure[False]
FAILED analysis/d6/causal_capture_24h_v1/test_capture.py::test_runner_offline_shutdown_and_feed_failure[True]
3 failed, 18 passed in 2.62s
OFFLINE_PROOF {"external_connections_blocked": 0, "production_transport_lock_tests": 0, "real_orders_enabled": "false", "live_execution_armed": "false", "sdk_monetary_attempts": 0, "sdk_methods_guarded": 16}
