............................F.....FF                                     [100%]
================================== FAILURES ===================================
__ test_restart_after_final_account_failure_reconciles_known_completed_cycle __
backend\tests\test_execution_controller.py:234: in test_restart_after_final_account_failure_reconciles_known_completed_cycle
    asyncio.run(restarted.recover())
..\..\AppData\Local\Programs\Python\Python313\Lib\asyncio\runners.py:196: in run
    return runner.run(main)
           ^^^^^^^^^^^^^^^^
..\..\AppData\Local\Programs\Python\Python313\Lib\asyncio\runners.py:119: in run
    return self._loop.run_until_complete(task)
           ^^^^^^^^^^^^^^^^^^^^^^^^^^^^^^^^^^^
..\..\AppData\Local\Programs\Python\Python313\Lib\asyncio\base_events.py:726: in run_until_complete
    return future.result()
           ^^^^^^^^^^^^^^^
backend\app\live\execution.py:95: in recover
    raise ExecutionBlocked("RECOVERY_REQUIRED")
E   app.live.execution.ExecutionBlocked: RECOVERY_REQUIRED
________ test_exit_source_preserves_book_snapshot_and_explicit_policy _________
backend\tests\test_execution_sources.py:38: in test_exit_source_preserves_book_snapshot_and_explicit_policy
    src=ExecutionStateSources(book=lambda:book,risk=lambda:{},geo=lambda:{},signal=lambda:{},position=lambda:{},exit_policy=lambda:{'max_slippage_bps':25})
        ^^^^^^^^^^^^^^^^^^^^^^^^^^^^^^^^^^^^^^^^^^^^^^^^^^^^^^^^^^^^^^^^^^^^^^^^^^^^^^^^^^^^^^^^^^^^^^^^^^^^^^^^^^^^^^^^^^^^^^^^^^^^^^^^^^^^^^^^^^^^^^^^^^^
E   TypeError: ExecutionStateSources.__init__() got an unexpected keyword argument 'exit_policy'
__________ test_missing_exit_policy_never_gets_an_optimistic_default __________
backend\tests\test_execution_sources.py:49: in test_missing_exit_policy_never_gets_an_optimistic_default
    assert src()['max_exit_slippage_bps'] is None
           ^^^^^^^^^^^^^^^^^^^^^^^^^^^^^^
E   KeyError: 'max_exit_slippage_bps'
=========================== short test summary info ===========================
FAILED backend/tests/test_execution_controller.py::test_restart_after_final_account_failure_reconciles_known_completed_cycle
FAILED backend/tests/test_execution_sources.py::test_exit_source_preserves_book_snapshot_and_explicit_policy
FAILED backend/tests/test_execution_sources.py::test_missing_exit_policy_never_gets_an_optimistic_default
3 failed, 33 passed in 2.02s
OFFLINE_PROOF {"external_connections_blocked": 0, "production_transport_lock_tests": 3, "real_orders_enabled": "false", "live_execution_armed": "false", "sdk_monetary_attempts": 0, "sdk_methods_guarded": 16}
