........................................................................ [  8%]
................................................................... [ 15%]
..................................................................... [ 23%]
........................................................................ [ 32%]
........................................................................ [ 40%]
........................................................................ [ 48%]
........................................................................ [ 56%]
........................................................................ [ 65%]
.F...................................................................... [ 73%]
........................................................................ [ 81%]
.................................................................. [ 89%]
............................................................. [ 96%]
................................                                         [100%]
================================== FAILURES ===================================
__________ test_offline_readiness_report_contains_unknown_boundaries __________
backend\tests\test_post_c_completeness.py:96: in test_offline_readiness_report_contains_unknown_boundaries
    r=asyncio.run(q.runner(False,health_contract=True))
                  ^^^^^^^^
E   AttributeError: module 'analysis.qualify_post_genesis' has no attribute 'runner'
============================== warnings summary ===============================
analysis/d6/research/test_context_join.py::JoinTests::test_book_identity_generation_future_and_freshness
analysis/d6/research/test_context_join.py::JoinTests::test_book_identity_generation_future_and_freshness
analysis/d6/research/test_context_join.py::JoinTests::test_book_identity_generation_future_and_freshness
  C:\Users\Ramy\Documents\polymarket-crypto\analysis\d6\research\context_join.py:21: DeprecationWarning: fetch_arrow_table() is deprecated, use to_arrow_table() instead.
    return c.execute(query).fetch_arrow_table().to_pylist()

-- Docs: https://docs.pytest.org/en/stable/how-to/capture-warnings.html
=========================== short test summary info ===========================
FAILED backend/tests/test_post_c_completeness.py::test_offline_readiness_report_contains_unknown_boundaries
1 failed, 870 passed, 3 warnings, 25 subtests passed in 48.86s
OFFLINE_PROOF {"external_connections_blocked": 0, "production_transport_lock_tests": 3, "real_orders_enabled": "false", "live_execution_armed": "false", "sdk_monetary_attempts": 0, "sdk_methods_guarded": 16}
