........................................................................ [ 10%]
................................................................ [ 19%]
........................................................................ [ 29%]
.................................................F...................... [ 39%]
........................................................................ [ 49%]
........................................................................ [ 59%]
........................................................................ [ 69%]
........................................................................ [ 79%]
................................................................ [ 88%]
............................................................... [ 97%]
................                                                         [100%]
================================== FAILURES ===================================
____ test_post_b_preserves_original_scan_time[100-GENERATION_STALE_500MS] _____
backend\tests\test_health_eligibility.py:74: in test_post_b_preserves_original_scan_time
    assert calls==["latest","0x18","0x18","0x16"] and len(obs)==4
E   AssertionError: assert (['latest', '0...0x16', '0x18'] == ['latest', '0...0x18', '0x16']
E     
E     At index 2 diff: '0x16' != '0x18'
E     Use -v to get more diff)
============================== warnings summary ===============================
analysis/d6/research/test_context_join.py::JoinTests::test_book_identity_generation_future_and_freshness
analysis/d6/research/test_context_join.py::JoinTests::test_book_identity_generation_future_and_freshness
analysis/d6/research/test_context_join.py::JoinTests::test_book_identity_generation_future_and_freshness
  C:\Users\Ramy\Documents\polymarket-crypto\analysis\d6\research\context_join.py:21: DeprecationWarning: fetch_arrow_table() is deprecated, use to_arrow_table() instead.
    return c.execute(query).fetch_arrow_table().to_pylist()

-- Docs: https://docs.pytest.org/en/stable/how-to/capture-warnings.html
=========================== short test summary info ===========================
FAILED backend/tests/test_health_eligibility.py::test_post_b_preserves_original_scan_time[100-GENERATION_STALE_500MS]
1 failed, 710 passed, 3 warnings, 25 subtests passed in 41.66s
OFFLINE_PROOF {"external_connections_blocked": 0, "production_transport_lock_tests": 3, "real_orders_enabled": "false", "live_execution_armed": "false", "sdk_monetary_attempts": 0, "sdk_methods_guarded": 16}
