FFF                                                                      [100%]
================================== FAILURES ===================================
__________________ test_thread_queue_and_resume_are_distinct __________________
backend\tests\test_latency_trace.py:7: in test_thread_queue_and_resume_are_distinct
    from app.live.latency_trace import diagnose, measured_thread
E   ModuleNotFoundError: No module named 'app.live.latency_trace'
______ test_sync_cpu_is_separate_from_await_and_payload_is_not_recorded _______
backend\tests\test_latency_trace.py:29: in test_sync_cpu_is_separate_from_await_and_payload_is_not_recorded
    from app.live.latency_trace import diagnose, sync_span, measured_thread
E   ModuleNotFoundError: No module named 'app.live.latency_trace'
________________ test_diagnostics_bounded_and_context_restored ________________
backend\tests\test_latency_trace.py:51: in test_diagnostics_bounded_and_context_restored
    from app.live.latency_trace import Trace, active_trace, diagnose
E   ModuleNotFoundError: No module named 'app.live.latency_trace'
=========================== short test summary info ===========================
FAILED backend/tests/test_latency_trace.py::test_thread_queue_and_resume_are_distinct
FAILED backend/tests/test_latency_trace.py::test_sync_cpu_is_separate_from_await_and_payload_is_not_recorded
FAILED backend/tests/test_latency_trace.py::test_diagnostics_bounded_and_context_restored
3 failed in 0.32s
OFFLINE_PROOF {"external_connections_blocked": 0, "production_transport_lock_tests": 0, "real_orders_enabled": "false", "live_execution_armed": "false", "sdk_monetary_attempts": 0, "sdk_methods_guarded": 16}
