FFFFFFF                                                                  [100%]
================================== FAILURES ===================================
________________ test_book_connection_sync_freshness_separate _________________
backend\tests\test_post_genesis_live_window.py:11: in test_book_connection_sync_freshness_separate
    assert r['connected'] and r['synchronized'] and not r['fresh'] and not r['available']
                              ^^^^^^^^^^^^^^^^^
E   KeyError: 'synchronized'
________________ test_exact_book_reason[bid0-ask0-EMPTY_BOOK] _________________
backend\tests\test_post_genesis_live_window.py:16: in test_exact_book_reason
    with pytest.raises(ValueError,match='^'+reason+'$'):b.update('1',bid,ask,1000,1)
         ^^^^^^^^^^^^^^^^^^^^^^^^^^^^^^^^^^^^^^^^^^^^^^
E   AssertionError: 
E   - EMPTY_OR_CROSSED_BOOK
E   + EMPTY_BOOK
_______________ test_exact_book_reason[bid1-ask1-CROSSED_BOOK] ________________
backend\tests\test_post_genesis_live_window.py:16: in test_exact_book_reason
    with pytest.raises(ValueError,match='^'+reason+'$'):b.update('1',bid,ask,1000,1)
         ^^^^^^^^^^^^^^^^^^^^^^^^^^^^^^^^^^^^^^^^^^^^^^
E   AssertionError: 
E   - EMPTY_OR_CROSSED_BOOK
E   + CROSSED_BOOK
_________ test_stale_wire_invalidates_without_claiming_socket_closed __________
backend\tests\test_post_genesis_live_window.py:23: in test_stale_wire_invalidates_without_claiming_socket_closed
    assert s.connected and not s.read()['available']
E   assert (False)
E    +  where False = <app.live.readonly_book_stream.StreamBook object at 0x000002271B3A46E0>.connected
_____________ test_fresh_witness_is_real_rpc_not_cached_retiming ______________
backend\tests\test_post_genesis_live_window.py:35: in test_fresh_witness_is_real_rpc_not_cached_retiming
    r=q.witness_inventory(R(),prior)
      ^^^^^^^^^^^^^^^^^^^
E   AttributeError: module 'analysis.qualify_post_genesis' has no attribute 'witness_inventory'
_______________ test_new_head_requires_delta_not_new_timestamp ________________
backend\tests\test_post_genesis_live_window.py:45: in test_new_head_requires_delta_not_new_timestamp
    q.witness_inventory(R(),{'to_block':12,'block_hash':'h','observed_ms':1})
    ^^^^^^^^^^^^^^^^^^^
E   AttributeError: module 'analysis.qualify_post_genesis' has no attribute 'witness_inventory'
________________________ test_same_height_reorg_blocks ________________________
backend\tests\test_post_genesis_live_window.py:53: in test_same_height_reorg_blocks
    q.witness_inventory(R(),{'to_block':12,'block_hash':'h','observed_ms':1})
    ^^^^^^^^^^^^^^^^^^^
E   AttributeError: module 'analysis.qualify_post_genesis' has no attribute 'witness_inventory'
=========================== short test summary info ===========================
FAILED backend/tests/test_post_genesis_live_window.py::test_book_connection_sync_freshness_separate
FAILED backend/tests/test_post_genesis_live_window.py::test_exact_book_reason[bid0-ask0-EMPTY_BOOK]
FAILED backend/tests/test_post_genesis_live_window.py::test_exact_book_reason[bid1-ask1-CROSSED_BOOK]
FAILED backend/tests/test_post_genesis_live_window.py::test_stale_wire_invalidates_without_claiming_socket_closed
FAILED backend/tests/test_post_genesis_live_window.py::test_fresh_witness_is_real_rpc_not_cached_retiming
FAILED backend/tests/test_post_genesis_live_window.py::test_new_head_requires_delta_not_new_timestamp
FAILED backend/tests/test_post_genesis_live_window.py::test_same_height_reorg_blocks
7 failed in 0.46s
OFFLINE_PROOF {"external_connections_blocked": 0, "production_transport_lock_tests": 0, "real_orders_enabled": "false", "live_execution_armed": "false", "sdk_monetary_attempts": 0, "sdk_methods_guarded": 16}
