F                                                                        [100%]
================================== FAILURES ===================================
_________ test_generation_reuses_runner_loop_and_never_shuts_it_down __________
backend\tests\test_scheduler_direct.py:17: in test_generation_reuses_runner_loop_and_never_shuts_it_down
    asyncio.run(go())
..\..\AppData\Local\Programs\Python\Python313\Lib\asyncio\runners.py:196: in run
    return runner.run(main)
           ^^^^^^^^^^^^^^^^
..\..\AppData\Local\Programs\Python\Python313\Lib\asyncio\runners.py:119: in run
    return self._loop.run_until_complete(task)
           ^^^^^^^^^^^^^^^^^^^^^^^^^^^^^^^^^^^
..\..\AppData\Local\Programs\Python\Python313\Lib\asyncio\base_events.py:726: in run_until_complete
    return future.result()
           ^^^^^^^^^^^^^^^
backend\tests\test_scheduler_direct.py:12: in go
    result,t=await run_generation_worker(work)
             ^^^^^^^^^^^^^^^^^^^^^^^^^^^^^^^^^
backend\app\live\generation_worker.py:24: in run_generation_worker
    value=await asyncio.shield(task)
          ^^^^^^^^^^^^^^^^^^^^^^^^^^
..\..\AppData\Local\Programs\Python\Python313\Lib\asyncio\threads.py:26: in to_thread
    return await loop.run_in_executor(None, func_call)
           ^^^^^^^^^^^^^^^^^^^^^^^^^^^^^^^^^^^^^^^^^^^
..\..\AppData\Local\Programs\Python\Python313\Lib\concurrent\futures\thread.py:59: in run
    result = self.fn(*self.args, **self.kwargs)
             ^^^^^^^^^^^^^^^^^^^^^^^^^^^^^^^^^^
backend\app\live\generation_worker.py:19: in execute
    result=asyncio.run(run())
           ^^^^^^^^^^^^^^^^^^
..\..\AppData\Local\Programs\Python\Python313\Lib\asyncio\runners.py:196: in run
    return runner.run(main)
           ^^^^^^^^^^^^^^^^
..\..\AppData\Local\Programs\Python\Python313\Lib\asyncio\runners.py:119: in run
    return self._loop.run_until_complete(task)
           ^^^^^^^^^^^^^^^^^^^^^^^^^^^^^^^^^^^
..\..\AppData\Local\Programs\Python\Python313\Lib\asyncio\base_events.py:726: in run_until_complete
    return future.result()
           ^^^^^^^^^^^^^^^
backend\app\live\generation_worker.py:16: in run
    value=await factory()
          ^^^^^^^^^^^^^^^
backend\tests\test_scheduler_direct.py:9: in work
    assert asyncio.get_running_loop() is loop
E   assert <ProactorEventLoop running=True closed=False debug=False> is <ProactorEventLoop running=True closed=False debug=False>
E    +  where <ProactorEventLoop running=True closed=False debug=False> = <built-in function get_running_loop>()
E    +    where <built-in function get_running_loop> = asyncio.get_running_loop
=========================== short test summary info ===========================
FAILED backend/tests/test_scheduler_direct.py::test_generation_reuses_runner_loop_and_never_shuts_it_down
1 failed in 0.42s
OFFLINE_PROOF {"external_connections_blocked": 0, "production_transport_lock_tests": 0, "real_orders_enabled": "false", "live_execution_armed": "false", "sdk_monetary_attempts": 0, "sdk_methods_guarded": 16}
