.....................FFFFFFF                                             [100%]
================================== FAILURES ===================================
_____ test_exit_price_is_derived_from_current_book_not_pre_hold_argument ______
backend\tests\test_execution_controller.py:182: in test_exit_price_is_derived_from_current_book_not_pre_hold_argument
    assert f.exit_requests[0]['price']==.60
E   assert 0.49 == 0.6
___________ test_invalid_exit_snapshot_never_submits_exit[missing] ____________
backend\tests\test_execution_controller.py:192: in test_invalid_exit_snapshot_never_submits_exit
    with pytest.raises(ExecutionBlocked):asyncio.run(f.run())
         ^^^^^^^^^^^^^^^^^^^^^^^^^^^^^^^
E   Failed: DID NOT RAISE ExecutionBlocked
____________ test_invalid_exit_snapshot_never_submits_exit[empty] _____________
backend\tests\test_execution_controller.py:192: in test_invalid_exit_snapshot_never_submits_exit
    with pytest.raises(ExecutionBlocked):asyncio.run(f.run())
         ^^^^^^^^^^^^^^^^^^^^^^^^^^^^^^^
E   Failed: DID NOT RAISE ExecutionBlocked
____________ test_invalid_exit_snapshot_never_submits_exit[stale] _____________
backend\tests\test_execution_controller.py:192: in test_invalid_exit_snapshot_never_submits_exit
    with pytest.raises(ExecutionBlocked):asyncio.run(f.run())
         ^^^^^^^^^^^^^^^^^^^^^^^^^^^^^^^
E   Failed: DID NOT RAISE ExecutionBlocked
___________ test_invalid_exit_snapshot_never_submits_exit[unsynced] ___________
backend\tests\test_execution_controller.py:192: in test_invalid_exit_snapshot_never_submits_exit
    with pytest.raises(ExecutionBlocked):asyncio.run(f.run())
         ^^^^^^^^^^^^^^^^^^^^^^^^^^^^^^^
E   Failed: DID NOT RAISE ExecutionBlocked
___________ test_inventory_changes_during_hold_no_exit_is_submitted ___________
backend\tests\test_execution_controller.py:207: in test_inventory_changes_during_hold_no_exit_is_submitted
    with pytest.raises(ExecutionBlocked,match='EXIT_INVENTORY_MISMATCH'):asyncio.run(f.run())
         ^^^^^^^^^^^^^^^^^^^^^^^^^^^^^^^^^^^^^^^^^^^^^^^^^^^^^^^^^^^^^^^
E   Failed: DID NOT RAISE ExecutionBlocked
______________ test_partial_depth_exit_preserves_open_inventory _______________
backend\tests\test_execution_controller.py:219: in test_partial_depth_exit_preserves_open_inventory
    with pytest.raises(ExecutionBlocked,match='EXIT_INCOMPLETE'):asyncio.run(f.run())
         ^^^^^^^^^^^^^^^^^^^^^^^^^^^^^^^^^^^^^^^^^^^^^^^^^^^^^^^
E   AssertionError: Regex pattern did not match.
E     Expected regex: 'EXIT_INCOMPLETE'
E     Actual message: 'ORDER_SIZE_MISMATCH'
=========================== short test summary info ===========================
FAILED backend/tests/test_execution_controller.py::test_exit_price_is_derived_from_current_book_not_pre_hold_argument
FAILED backend/tests/test_execution_controller.py::test_invalid_exit_snapshot_never_submits_exit[missing]
FAILED backend/tests/test_execution_controller.py::test_invalid_exit_snapshot_never_submits_exit[empty]
FAILED backend/tests/test_execution_controller.py::test_invalid_exit_snapshot_never_submits_exit[stale]
FAILED backend/tests/test_execution_controller.py::test_invalid_exit_snapshot_never_submits_exit[unsynced]
FAILED backend/tests/test_execution_controller.py::test_inventory_changes_during_hold_no_exit_is_submitted
FAILED backend/tests/test_execution_controller.py::test_partial_depth_exit_preserves_open_inventory
7 failed, 21 passed in 1.80s
OFFLINE_PROOF {"external_connections_blocked": 0, "production_transport_lock_tests": 3, "real_orders_enabled": "false", "live_execution_armed": "false", "sdk_monetary_attempts": 0, "sdk_methods_guarded": 16}
