FF.F                                                                     [100%]
================================== FAILURES ===================================
__________ test_empty_snapshot_is_synced_but_not_eligible_and_stales __________
backend\tests\test_health_eligibility.py:14: in test_empty_snapshot_is_synced_but_not_eligible_and_stales
    s.ingest(event("a",True));s.ingest(event("b",True));r=s.read()
    ^^^^^^^^^^^^^^^^^^^^^^^^^
backend\app\live\readonly_book_stream.py:166: in ingest
    raise ValueError(reason) from None
E   ValueError: EMPTY_BOOK
______________ test_health_true_empty_market_false_never_submit _______________
backend\tests\test_health_eligibility.py:23: in test_health_true_empty_market_false_never_submit
    s.ingest(event("a",True));s.ingest(event("b"))
    ^^^^^^^^^^^^^^^^^^^^^^^^^
backend\app\live\readonly_book_stream.py:166: in ingest
    raise ValueError(reason) from None
E   ValueError: EMPTY_BOOK
___________ test_finalized_positive_skew_is_metadata_not_freshness ____________
backend\tests\test_health_eligibility.py:45: in test_finalized_positive_skew_is_metadata_not_freshness
    d={};r=q.qualify_finalized(R(),diagnostics=d)
           ^^^^^^^^^^^^^^^^^^^^^^^^^^^^^^^^^^^^^^
analysis\qualify_post_b_proofs.py:54: in qualify_finalized
    except Exception:raise ValueError('FINALIZED_UNPROVEN') from None
                     ^^^^^^^^^^^^^^^^^^^^^^^^^^^^^^^^^^^^^^^^^^^^^^^^
E   ValueError: FINALIZED_UNPROVEN
=========================== short test summary info ===========================
FAILED backend/tests/test_health_eligibility.py::test_empty_snapshot_is_synced_but_not_eligible_and_stales
FAILED backend/tests/test_health_eligibility.py::test_health_true_empty_market_false_never_submit
FAILED backend/tests/test_health_eligibility.py::test_finalized_positive_skew_is_metadata_not_freshness
3 failed, 1 passed in 0.49s
OFFLINE_PROOF {"external_connections_blocked": 0, "production_transport_lock_tests": 0, "real_orders_enabled": "false", "live_execution_armed": "false", "sdk_monetary_attempts": 0, "sdk_methods_guarded": 16}
